\BOOKMARK [1][-]{section.1}{\376\377\000I\000n\000t\000r\000o\000d\000u\000c\000t\000i\000o\000n}{}% 1
\BOOKMARK [2][-]{subsection.1.1}{\376\377\000P\000u\000r\000p\000o\000s\000e\000\040\000a\000n\000d\000\040\000s\000c\000o\000p\000e}{section.1}% 2
\BOOKMARK [2][-]{subsection.1.2}{\376\377\000S\000y\000s\000t\000e\000m\000\040\000o\000v\000e\000r\000v\000i\000e\000w}{section.1}% 3
\BOOKMARK [2][-]{subsection.1.3}{\376\377\000D\000o\000c\000u\000m\000e\000n\000t\000\040\000o\000r\000g\000a\000n\000i\000s\000a\000t\000i\000o\000n}{section.1}% 4
\BOOKMARK [1][-]{section.2}{\376\377\000S\000y\000s\000t\000e\000m\000\040\000a\000r\000c\000h\000i\000t\000e\000c\000t\000u\000r\000e}{}% 5
\BOOKMARK [2][-]{subsection.2.1}{\376\377\000A\000r\000c\000h\000i\000t\000e\000c\000t\000u\000r\000a\000l\000\040\000o\000v\000e\000r\000v\000i\000e\000w}{section.2}% 6
\BOOKMARK [2][-]{subsection.2.2}{\376\377\000D\000a\000t\000a\000\040\000f\000l\000o\000w}{section.2}% 7
\BOOKMARK [2][-]{subsection.2.3}{\376\377\000C\000o\000m\000m\000u\000n\000i\000c\000a\000t\000i\000o\000n\000\040\000i\000n\000t\000e\000r\000f\000a\000c\000e\000s}{section.2}% 8
\BOOKMARK [1][-]{section.3}{\376\377\000H\000a\000r\000d\000w\000a\000r\000e\000\040\000c\000o\000n\000f\000i\000g\000u\000r\000a\000t\000i\000o\000n}{}% 9
\BOOKMARK [2][-]{subsection.3.1}{\376\377\000A\000r\000d\000u\000i\000n\000o\000\040\000D\000u\000e\000\040\000m\000i\000c\000r\000o\000c\000o\000n\000t\000r\000o\000l\000l\000e\000r}{section.3}% 10
\BOOKMARK [3][-]{subsubsection.3.1.1}{\376\377\000P\000i\000n\000\040\000a\000s\000s\000i\000g\000n\000m\000e\000n\000t\000s}{subsection.3.1}% 11
\BOOKMARK [2][-]{subsection.3.2}{\376\377\000M\000o\000t\000o\000r\000\040\000d\000r\000i\000v\000e\000\040\000s\000y\000s\000t\000e\000m}{section.3}% 12
\BOOKMARK [3][-]{subsubsection.3.2.1}{\376\377\000H\000-\000b\000r\000i\000d\000g\000e\000\040\000m\000o\000t\000o\000r\000\040\000d\000r\000i\000v\000e\000r\000s}{subsection.3.2}% 13
\BOOKMARK [3][-]{subsubsection.3.2.2}{\376\377\000P\000o\000s\000i\000t\000i\000o\000n\000\040\000e\000n\000c\000o\000d\000e\000r\000s}{subsection.3.2}% 14
\BOOKMARK [3][-]{subsubsection.3.2.3}{\376\377\000C\000u\000r\000r\000e\000n\000t\000\040\000s\000e\000n\000s\000i\000n\000g}{subsection.3.2}% 15
\BOOKMARK [2][-]{subsection.3.3}{\376\377\000E\000S\000P\0003\0002\000-\000S\0003\000\040\000c\000o\000n\000t\000r\000o\000l\000l\000e\000r}{section.3}% 16
\BOOKMARK [3][-]{subsubsection.3.3.1}{\376\377\000E\000S\000P\0003\0002\000\040\000t\000o\000\040\000A\000r\000d\000u\000i\000n\000o\000\040\000D\000u\000e\000\040\000w\000i\000r\000i\000n\000g}{subsection.3.3}% 17
\BOOKMARK [3][-]{subsubsection.3.3.2}{\376\377\000W\0005\0005\0000\0000\000\040\000E\000t\000h\000e\000r\000n\000e\000t\000\040\000m\000o\000d\000u\000l\000e\000\040\000\050\000o\000p\000t\000i\000o\000n\000a\000l\000\051}{subsection.3.3}% 18
\BOOKMARK [2][-]{subsection.3.4}{\376\377\000O\000p\000e\000r\000a\000t\000i\000o\000n\000a\000l\000\040\000l\000i\000m\000i\000t\000s}{section.3}% 19
\BOOKMARK [1][-]{section.4}{\376\377\000A\000r\000d\000u\000i\000n\000o\000\040\000D\000u\000e\000\040\000f\000i\000r\000m\000w\000a\000r\000e}{}% 20
\BOOKMARK [2][-]{subsection.4.1}{\376\377\000F\000i\000r\000m\000w\000a\000r\000e\000\040\000o\000v\000e\000r\000v\000i\000e\000w}{section.4}% 21
\BOOKMARK [2][-]{subsection.4.2}{\376\377\000S\000t\000a\000t\000e\000\040\000m\000a\000c\000h\000i\000n\000e}{section.4}% 22
\BOOKMARK [2][-]{subsection.4.3}{\376\377\000H\000o\000m\000i\000n\000g\000\040\000s\000e\000q\000u\000e\000n\000c\000e}{section.4}% 23
\BOOKMARK [2][-]{subsection.4.4}{\376\377\000M\000o\000t\000i\000o\000n\000\040\000p\000r\000o\000f\000i\000l\000e\000s}{section.4}% 24
\BOOKMARK [3][-]{subsubsection.4.4.1}{\376\377\000A\000c\000c\000e\000l\000e\000r\000a\000t\000i\000o\000n\000\040\000r\000a\000m\000p}{subsection.4.4}% 25
\BOOKMARK [3][-]{subsubsection.4.4.2}{\376\377\000D\000e\000c\000e\000l\000e\000r\000a\000t\000i\000o\000n\000\040\000r\000a\000m\000p}{subsection.4.4}% 26
\BOOKMARK [2][-]{subsection.4.5}{\376\377\000S\000e\000r\000i\000a\000l\000\040\000c\000o\000m\000m\000a\000n\000d\000\040\000i\000n\000t\000e\000r\000f\000a\000c\000e}{section.4}% 27
\BOOKMARK [3][-]{subsubsection.4.5.1}{\376\377\000M\000o\000t\000i\000o\000n\000\040\000c\000o\000m\000m\000a\000n\000d\000s}{subsection.4.5}% 28
\BOOKMARK [3][-]{subsubsection.4.5.2}{\376\377\000C\000o\000n\000f\000i\000g\000u\000r\000a\000t\000i\000o\000n\000\040\000c\000o\000m\000m\000a\000n\000d\000s}{subsection.4.5}% 29
\BOOKMARK [3][-]{subsubsection.4.5.3}{\376\377\000C\000o\000n\000f\000i\000g\000u\000r\000a\000b\000l\000e\000\040\000p\000a\000r\000a\000m\000e\000t\000e\000r\000s}{subsection.4.5}% 30
\BOOKMARK [2][-]{subsection.4.6}{\376\377\000S\000t\000a\000t\000u\000s\000\040\000o\000u\000t\000p\000u\000t\000\040\000f\000o\000r\000m\000a\000t}{section.4}% 31
\BOOKMARK [2][-]{subsection.4.7}{\376\377\000F\000a\000u\000l\000t\000\040\000d\000e\000t\000e\000c\000t\000i\000o\000n}{section.4}% 32
\BOOKMARK [2][-]{subsection.4.8}{\376\377\000S\000i\000m\000u\000l\000a\000t\000i\000o\000n\000\040\000m\000o\000d\000e}{section.4}% 33
\BOOKMARK [1][-]{section.5}{\376\377\000E\000S\000P\0003\0002\000\040\000c\000o\000n\000t\000r\000o\000l\000l\000e\000r}{}% 34
\BOOKMARK [2][-]{subsection.5.1}{\376\377\000S\000o\000f\000t\000w\000a\000r\000e\000\040\000a\000r\000c\000h\000i\000t\000e\000c\000t\000u\000r\000e}{section.5}% 35
\BOOKMARK [2][-]{subsection.5.2}{\376\377\000C\000o\000n\000f\000i\000g\000u\000r\000a\000t\000i\000o\000n}{section.5}% 36
\BOOKMARK [2][-]{subsection.5.3}{\376\377\000N\000e\000t\000w\000o\000r\000k\000i\000n\000g}{section.5}% 37
\BOOKMARK [3][-]{subsubsection.5.3.1}{\376\377\000N\000e\000t\000w\000o\000r\000k\000\040\000m\000o\000d\000e\000s}{subsection.5.3}% 38
\BOOKMARK [3][-]{subsubsection.5.3.2}{\376\377\000D\000e\000f\000a\000u\000l\000t\000\040\000n\000e\000t\000w\000o\000r\000k\000\040\000s\000e\000t\000t\000i\000n\000g\000s}{subsection.5.3}% 39
\BOOKMARK [2][-]{subsection.5.4}{\376\377\000H\000T\000T\000P\000\040\000A\000P\000I}{section.5}% 40
\BOOKMARK [3][-]{subsubsection.5.4.1}{\376\377\000S\000t\000a\000t\000u\000s\000\040\000e\000n\000d\000p\000o\000i\000n\000t\000s}{subsection.5.4}% 41
\BOOKMARK [3][-]{subsubsection.5.4.2}{\376\377\000C\000o\000n\000t\000r\000o\000l\000\040\000e\000n\000d\000p\000o\000i\000n\000t\000s}{subsection.5.4}% 42
\BOOKMARK [3][-]{subsubsection.5.4.3}{\376\377\000E\000x\000a\000m\000p\000l\000e\000\040\000A\000P\000I\000\040\000u\000s\000a\000g\000e}{subsection.5.4}% 43
\BOOKMARK [2][-]{subsection.5.5}{\376\377\000S\000t\000e\000l\000l\000a\000r\000i\000u\000m\000\040\000p\000r\000o\000t\000o\000c\000o\000l}{section.5}% 44
\BOOKMARK [3][-]{subsubsection.5.5.1}{\376\377\000P\000r\000o\000t\000o\000c\000o\000l\000\040\000f\000o\000r\000m\000a\000t}{subsection.5.5}% 45
\BOOKMARK [3][-]{subsubsection.5.5.2}{\376\377\000S\000t\000e\000l\000l\000a\000r\000i\000u\000m\000\040\000c\000o\000n\000f\000i\000g\000u\000r\000a\000t\000i\000o\000n}{subsection.5.5}% 46
\BOOKMARK [2][-]{subsection.5.6}{\376\377\000T\000r\000a\000c\000k\000i\000n\000g\000\040\000m\000o\000d\000e}{section.5}% 47
\BOOKMARK [3][-]{subsubsection.5.6.1}{\376\377\000B\000e\000l\000o\000w\000-\000h\000o\000r\000i\000z\000o\000n\000\040\000h\000a\000n\000d\000l\000i\000n\000g}{subsection.5.6}% 48
\BOOKMARK [3][-]{subsubsection.5.6.2}{\376\377\000A\000z\000i\000m\000u\000t\000h\000\040\000w\000r\000a\000p\000-\000a\000r\000o\000u\000n\000d}{subsection.5.6}% 49
\BOOKMARK [1][-]{section.6}{\376\377\000C\000o\000o\000r\000d\000i\000n\000a\000t\000e\000\040\000t\000r\000a\000n\000s\000f\000o\000r\000m\000a\000t\000i\000o\000n\000s}{}% 50
\BOOKMARK [2][-]{subsection.6.1}{\376\377\000R\000e\000f\000e\000r\000e\000n\000c\000e\000\040\000f\000r\000a\000m\000e}{section.6}% 51
\BOOKMARK [2][-]{subsection.6.2}{\376\377\000C\000o\000o\000r\000d\000i\000n\000a\000t\000e\000\040\000c\000o\000n\000v\000e\000r\000s\000i\000o\000n\000\040\000p\000i\000p\000e\000l\000i\000n\000e}{section.6}% 52
\BOOKMARK [3][-]{subsubsection.6.2.1}{\376\377\000J\000u\000l\000i\000a\000n\000\040\000d\000a\000t\000e\000\040\000c\000a\000l\000c\000u\000l\000a\000t\000i\000o\000n}{subsection.6.2}% 53
\BOOKMARK [3][-]{subsubsection.6.2.2}{\376\377\000G\000r\000e\000e\000n\000w\000i\000c\000h\000\040\000m\000e\000a\000n\000\040\000s\000i\000d\000e\000r\000e\000a\000l\000\040\000t\000i\000m\000e}{subsection.6.2}% 54
\BOOKMARK [3][-]{subsubsection.6.2.3}{\376\377\000L\000o\000c\000a\000l\000\040\000s\000i\000d\000e\000r\000e\000a\000l\000\040\000t\000i\000m\000e}{subsection.6.2}% 55
\BOOKMARK [2][-]{subsection.6.3}{\376\377\000P\000r\000e\000c\000e\000s\000s\000i\000o\000n}{section.6}% 56
\BOOKMARK [2][-]{subsection.6.4}{\376\377\000H\000o\000r\000i\000z\000o\000n\000t\000a\000l\000\040\000c\000o\000o\000r\000d\000i\000n\000a\000t\000e\000s}{section.6}% 57
\BOOKMARK [2][-]{subsection.6.5}{\376\377\000G\000a\000l\000a\000c\000t\000i\000c\000\040\000c\000o\000o\000r\000d\000i\000n\000a\000t\000e\000s}{section.6}% 58
\BOOKMARK [2][-]{subsection.6.6}{\376\377\000S\000o\000l\000a\000r\000\040\000p\000o\000s\000i\000t\000i\000o\000n}{section.6}% 59
\BOOKMARK [2][-]{subsection.6.7}{\376\377\000L\000u\000n\000a\000r\000\040\000p\000o\000s\000i\000t\000i\000o\000n}{section.6}% 60
\BOOKMARK [2][-]{subsection.6.8}{\376\377\000P\000o\000i\000n\000t\000i\000n\000g\000\040\000a\000c\000c\000u\000r\000a\000c\000y}{section.6}% 61
\BOOKMARK [1][-]{section.7}{\376\377\000H\0001\000\040\000r\000e\000c\000e\000i\000v\000e\000r\000\040\000a\000n\000d\000\040\000o\000b\000s\000e\000r\000v\000a\000t\000i\000o\000n\000\040\000s\000c\000h\000e\000d\000u\000l\000e\000r}{}% 62
\BOOKMARK [2][-]{subsection.7.1}{\376\377\000R\000e\000c\000e\000i\000v\000e\000r\000\040\000o\000v\000e\000r\000v\000i\000e\000w}{section.7}% 63
\BOOKMARK [2][-]{subsection.7.2}{\376\377\000S\000u\000p\000p\000o\000r\000t\000e\000d\000\040\000h\000a\000r\000d\000w\000a\000r\000e}{section.7}% 64
\BOOKMARK [2][-]{subsection.7.3}{\376\377\000C\000o\000m\000m\000a\000n\000d\000\040\000l\000i\000n\000e\000\040\000o\000p\000t\000i\000o\000n\000s}{section.7}% 65
\BOOKMARK [2][-]{subsection.7.4}{\376\377\000H\000D\000F\0005\000\040\000o\000u\000t\000p\000u\000t\000\040\000f\000o\000r\000m\000a\000t}{section.7}% 66
\BOOKMARK [2][-]{subsection.7.5}{\376\377\000O\000b\000s\000e\000r\000v\000a\000t\000i\000o\000n\000\040\000s\000c\000h\000e\000d\000u\000l\000e\000r}{section.7}% 67
\BOOKMARK [3][-]{subsubsection.7.5.1}{\376\377\000S\000t\000a\000r\000t\000i\000n\000g\000\040\000t\000h\000e\000\040\000s\000c\000h\000e\000d\000u\000l\000e\000r}{subsection.7.5}% 68
\BOOKMARK [3][-]{subsubsection.7.5.2}{\376\377\000O\000b\000s\000e\000r\000v\000a\000t\000i\000o\000n\000\040\000p\000a\000r\000a\000m\000e\000t\000e\000r\000s}{subsection.7.5}% 69
\BOOKMARK [3][-]{subsubsection.7.5.3}{\376\377\000A\000u\000t\000o\000m\000a\000t\000e\000d\000\040\000w\000o\000r\000k\000f\000l\000o\000w}{subsection.7.5}% 70
\BOOKMARK [1][-]{section.8}{\376\377\000I\000n\000s\000t\000a\000l\000l\000a\000t\000i\000o\000n}{}% 71
\BOOKMARK [2][-]{subsection.8.1}{\376\377\000P\000r\000e\000r\000e\000q\000u\000i\000s\000i\000t\000e\000s}{section.8}% 72
\BOOKMARK [2][-]{subsection.8.2}{\376\377\000A\000r\000d\000u\000i\000n\000o\000\040\000D\000u\000e\000\040\000F\000i\000r\000m\000w\000a\000r\000e}{section.8}% 73
\BOOKMARK [3][-]{subsubsection.8.2.1}{\376\377\000B\000u\000i\000l\000d\000i\000n\000g\000\040\000a\000n\000d\000\040\000u\000p\000l\000o\000a\000d\000i\000n\000g}{subsection.8.2}% 74
\BOOKMARK [3][-]{subsubsection.8.2.2}{\376\377\000S\000i\000m\000u\000l\000a\000t\000i\000o\000n\000\040\000m\000o\000d\000e}{subsection.8.2}% 75
\BOOKMARK [2][-]{subsection.8.3}{\376\377\000E\000S\000P\0003\0002\000-\000S\0003\000\040\000c\000o\000n\000t\000r\000o\000l\000l\000e\000r}{section.8}% 76
\BOOKMARK [3][-]{subsubsection.8.3.1}{\376\377\000B\000u\000i\000l\000d\000i\000n\000g\000\040\000a\000n\000d\000\040\000u\000p\000l\000o\000a\000d\000i\000n\000g}{subsection.8.3}% 77
\BOOKMARK [2][-]{subsection.8.4}{\376\377\000C\000o\000n\000f\000i\000g\000u\000r\000a\000t\000i\000o\000n}{section.8}% 78
\BOOKMARK [3][-]{subsubsection.8.4.1}{\376\377\000O\000b\000s\000e\000r\000v\000e\000r\000\040\000l\000o\000c\000a\000t\000i\000o\000n}{subsection.8.4}% 79
\BOOKMARK [3][-]{subsubsection.8.4.2}{\376\377\000R\000e\000c\000e\000i\000v\000e\000r\000\040\000p\000r\000e\000r\000e\000q\000u\000i\000s\000i\000t\000e\000s}{subsection.8.4}% 80
\BOOKMARK [1][-]{section.9}{\376\377\000O\000p\000e\000r\000a\000t\000i\000o\000n}{}% 81
\BOOKMARK [2][-]{subsection.9.1}{\376\377\000S\000t\000a\000r\000t\000u\000p\000\040\000s\000e\000q\000u\000e\000n\000c\000e}{section.9}% 82
\BOOKMARK [2][-]{subsection.9.2}{\376\377\000W\000e\000b\000\040\000i\000n\000t\000e\000r\000f\000a\000c\000e\000\040\000a\000c\000c\000e\000s\000s}{section.9}% 83
\BOOKMARK [3][-]{subsubsection.9.2.1}{\376\377\000D\000i\000r\000e\000c\000t\000\040\000W\000i\000F\000i\000\040\000c\000o\000n\000n\000e\000c\000t\000i\000o\000n}{subsection.9.2}% 84
\BOOKMARK [3][-]{subsubsection.9.2.2}{\376\377\000N\000e\000t\000w\000o\000r\000k\000\040\000c\000o\000n\000n\000e\000c\000t\000i\000o\000n}{subsection.9.2}% 85
\BOOKMARK [2][-]{subsection.9.3}{\376\377\000T\000r\000a\000c\000k\000i\000n\000g\000\040\000o\000b\000s\000e\000r\000v\000a\000t\000i\000o\000n\000s}{section.9}% 86
\BOOKMARK [2][-]{subsection.9.4}{\376\377\000Q\000u\000i\000c\000k\000\040\000t\000a\000r\000g\000e\000t\000s}{section.9}% 87
\BOOKMARK [2][-]{subsection.9.5}{\376\377\000T\000i\000m\000e\000\040\000s\000y\000n\000c\000h\000r\000o\000n\000i\000s\000a\000t\000i\000o\000n}{section.9}% 88
\BOOKMARK [2][-]{subsection.9.6}{\376\377\000S\000a\000f\000e\000t\000y\000\040\000f\000e\000a\000t\000u\000r\000e\000s}{section.9}% 89
\BOOKMARK [1][-]{section.10}{\376\377\000T\000r\000o\000u\000b\000l\000e\000s\000h\000o\000o\000t\000i\000n\000g}{}% 90
\BOOKMARK [2][-]{subsection.10.1}{\376\377\000S\000y\000s\000t\000e\000m\000\040\000d\000o\000e\000s\000\040\000n\000o\000t\000\040\000s\000t\000a\000r\000t}{section.10}% 91
\BOOKMARK [2][-]{subsection.10.2}{\376\377\000M\000o\000t\000o\000r\000s\000\040\000d\000o\000\040\000n\000o\000t\000\040\000m\000o\000v\000e}{section.10}% 92
\BOOKMARK [2][-]{subsection.10.3}{\376\377\000P\000o\000s\000i\000t\000i\000o\000n\000\040\000e\000r\000r\000o\000r\000s}{section.10}% 93
\BOOKMARK [2][-]{subsection.10.4}{\376\377\000W\000e\000b\000\040\000i\000n\000t\000e\000r\000f\000a\000c\000e\000\040\000i\000s\000s\000u\000e\000s}{section.10}% 94
\BOOKMARK [2][-]{subsection.10.5}{\376\377\000C\000o\000o\000r\000d\000i\000n\000a\000t\000e\000\040\000i\000s\000s\000u\000e\000s}{section.10}% 95
\BOOKMARK [2][-]{subsection.10.6}{\376\377\000S\000t\000e\000l\000l\000a\000r\000i\000u\000m\000\040\000c\000o\000n\000n\000e\000c\000t\000i\000o\000n\000\040\000i\000s\000s\000u\000e\000s}{section.10}% 96
\BOOKMARK [1][-]{section.11}{\376\377\000C\000o\000n\000c\000l\000u\000s\000i\000o\000n}{}% 97
\BOOKMARK [1][-]{appendix.A}{\376\377\000P\000i\000n\000\040\000q\000u\000i\000c\000k\000\040\000r\000e\000f\000e\000r\000e\000n\000c\000e}{}% 98
\BOOKMARK [1][-]{appendix.B}{\376\377\000C\000o\000m\000m\000a\000n\000d\000\040\000q\000u\000i\000c\000k\000\040\000r\000e\000f\000e\000r\000e\000n\000c\000e}{}% 99
\BOOKMARK [1][-]{appendix.C}{\376\377\000H\000T\000T\000P\000\040\000A\000P\000I\000\040\000q\000u\000i\000c\000k\000\040\000r\000e\000f\000e\000r\000e\000n\000c\000e}{}% 100
